Microchip MPLAB XC8 Compiler V1.35 ()

Linker command line:

--edf=C:\Program Files (x86)\Microchip\xc8\v1.35\dat\en_msgs.txt -cs \
  -h+dist/default/production\Menu_System_Debounce.X.production.sym \
  --cmf=dist/default/production\Menu_System_Debounce.X.production.cmf -z \
  -Q18F4520 -oC:\Users\TOMMYS~1\AppData\Local\Temp\s8eg.2 \
  -Mdist/default/production/Menu_System_Debounce.X.production.map -E1 \
  -ver=XC8 -ASTACK=080h-05ffh -pstack=STACK -ACODE=00h-07FFFh \
  -ACONST=00h-07FFFh -ASMALLCONST=0600h-06FFhx122 \
  -AMEDIUMCONST=0600h-07FFFh -ACOMRAM=01h-07Fh -AABS1=00h-05FFh \
  -ABIGRAM=01h-05FFh -ARAM=080h-0FFh,0100h-01FFhx5 -ABANK0=080h-0FFh \
  -ABANK1=0100h-01FFh -ABANK2=0200h-02FFh -ABANK3=0300h-03FFh \
  -ABANK4=0400h-04FFh -ABANK5=0500h-05FFh -ASFR=0F80h-0FFFh \
  -preset_vec=00h,intcode=08h,intcodelo,powerup,init,end_init \
  -pramtop=0600h -psmallconst=SMALLCONST -pmediumconst=MEDIUMCONST \
  -pconst=CONST -AFARRAM=00h-00h -ACONFIG=0300000h-030000Dh -pconfig=CONFIG \
  -AIDLOC=0200000h-0200007h -pidloc=IDLOC -AEEDATA=0F00000h-0F000FFh \
  -peeprom_data=EEDATA \
  -prdata=COMRAM,nvrram=COMRAM,nvbit=COMRAM,rbss=COMRAM,rbit=COMRAM \
  -pfarbss=FARRAM,fardata=FARRAM,nvFARRAM=FARRAM \
  -pintsave_regs=BIGRAM,bigbss=BIGRAM,bigdata=BIGRAM -pbss=RAM \
  -pidata=CODE,irdata=CODE,ibigdata=CODE,ifardata=CODE -prparam=COMRAM \
  C:\Users\TOMMYS~1\AppData\Local\Temp\s8eg.obj \
  dist/default/production\Menu_System_Debounce.X.production.obj 

Object code version is 3.11

Machine type is 18F4520

Call graph: (short form)




                Name                               Link     Load   Length Selector   Space Scale
C:\Users\TOMMYS~1\AppData\Local\Temp\s8eg.obj
                end_init                             16       16        4        4       0
                reset_vec                             0        0        4        0       0
                idloc                            200000   200000        8   200000       0
                config                           300000   300000        E   300000       0
dist/default/production\Menu_System_Debounce.X.production.obj
                intcode                               8        8        E        4       0
                temp                                 35       35        1        1       1
                smallconst                          600      600       BC      300       0
                text18                              BA4      BA4       7E      35E       0
                text17                              EA0      EA0       12      35E       0
                intcode_body                        9E6      9E6       B0      35E       0
                text15                              E54      E54       20      35E       0
                text14                              E8E      E8E       12      35E       0
                text13                              DC6      DC6       34      35E       0
                text12                              E28      E28       2C      35E       0
                text11                              8EA      8EA       FC      35E       0
                text10                              EC0      EC0        E      35E       0
                text9                               DFA      DFA       2E      35E       0
                text8                               E74      E74       1A      35E       0
                text7                               EB2      EB2        E      35E       0
                text6                               CF8      CF8       54      35E       0
                text5                               C92      C92       66      35E       0
                text4                               B20      B20       84      35E       0
                text3                               C22      C22       70      35E       0
                text2                               A96      A96       8A      35E       0
                text1                               D4C      D4C       42      35E       0
                text0                               6BC      6BC      22E      35E       0
                cstackCOMRAM                          1        1       2B        1       1
                dataCOMRAM                           31       31        4        1       1
                bssCOMRAM                            2C       2C        5        1       1
                cinit                               D8E      D8E       38      35E       0
                idataCOMRAM                         ECE      ECE        4      35E       0

TOTAL           Name                               Link     Load   Length     Space
        CLASS   STACK          

        CLASS   CODE           
                end_init                             16       16        4         0
                intcode                               8        8        E         0
                reset_vec                             0        0        4         0
                text18                              BA4      BA4       7E         0
                text17                              EA0      EA0       12         0
                intcode_body                        9E6      9E6       B0         0
                text15                              E54      E54       20         0
                text14                              E8E      E8E       12         0
                text13                              DC6      DC6       34         0
                text12                              E28      E28       2C         0
                text11                              8EA      8EA       FC         0
                text10                              EC0      EC0        E         0
                text9                               DFA      DFA       2E         0
                text8                               E74      E74       1A         0
                text7                               EB2      EB2        E         0
                text6                               CF8      CF8       54         0
                text5                               C92      C92       66         0
                text4                               B20      B20       84         0
                text3                               C22      C22       70         0
                text2                               A96      A96       8A         0
                text1                               D4C      D4C       42         0
                text0                               6BC      6BC      22E         0
                cinit                               D8E      D8E       38         0
                idataCOMRAM                         ECE      ECE        4         0

        CLASS   CONST          

        CLASS   SMALLCONST     
                smallconst                          600      600       BC         0

        CLASS   MEDIUMCONST    

        CLASS   COMRAM         
                temp                                 35       35        1         1
                cstackCOMRAM                          1        1       2B         1
                dataCOMRAM                           31       31        4         1
                bssCOMRAM                            2C       2C        5         1

        CLASS   ABS1           

        CLASS   BIGRAM         

        CLASS   RAM            

        CLASS   BANK0          

        CLASS   BANK1          

        CLASS   BANK2          

        CLASS   BANK3          

        CLASS   BANK4          

        CLASS   BANK5          

        CLASS   SFR            

        CLASS   FARRAM         

        CLASS   CONFIG         
                config                           300000   300000        E         0

        CLASS   IDLOC          
                idloc                            200000   200000        8         0

        CLASS   EEDATA         



SEGMENTS        Name                           Load    Length   Top    Selector   Space  Class

                reset_vec                      000000  000004  000004         0       0  CODE    
                cstackCOMRAM                   000001  000035  000036         1       1  COMRAM  
                intcode                        000008  000012  00001A         4       0  CODE    
                smallconst                     000600  0000BC  0006BC       300       0  SMALLCON
                text0                          0006BC  000816  000ED2       35E       0  CODE    
                idloc                          200000  000008  200008    200000       0  IDLOC   
                config                         300000  00000E  30000E    300000       0  CONFIG  


UNUSED ADDRESS RANGES

        Name                Unused          Largest block    Delta
        BANK0            000080-0000FF               80
        BANK1            000100-0001FF              100
        BANK2            000200-0002FF              100
        BANK3            000300-0003FF              100
        BANK4            000400-0004FF              100
        BANK5            000500-0005FF              100
        BIGRAM           000036-0005FF              5CA
        CODE             000004-000007                4
                         00001A-0005FF              5E6
                         000ED2-007FFF             712E
        COMRAM           000036-00007F               4A
        CONST            000004-000007                4
                         00001A-0005FF              5E6
                         000ED2-007FFF             712E
        EEDATA           F00000-F000FF              100
        MEDIUMCONST      000ED2-007FFF             712E
        RAM              000080-0005FF              100
        SFR              000F80-000FFF               80
        SMALLCONST       000ED2-007FFF              100
        STACK            000080-0005FF              580

                                  Symbol Table

?___awdiv                      cstackCOMRAM 000014
?___awmod                      cstackCOMRAM 000014
Find_Button_Press@Button_Count bssCOMRAM    00002C
Find_Button_Press@Button_State bssCOMRAM    00002D
Find_Button_Press@Temp_Press   bssCOMRAM    00002E
OpenTimer0@config              cstackCOMRAM 000014
Window@num                     cstackCOMRAM 000020
WriteTimer0@timer              cstackCOMRAM 000016
WriteTimer0@timer0             cstackCOMRAM 000014
_ADCON1                        (abs)        000FC1
_Button_Press                  bssCOMRAM    00002F
_Find_Button_Press             text18       000BA4
_INTCONbits                    (abs)        000FF2
_Initial                       text12       000E28
_LATC                          (abs)        000F8B
_LATDbits                      (abs)        000F8C
_OpenTimer0                    text15       000E54
_PORTB                         (abs)        000F81
_PORTCbits                     (abs)        000F82
_T0CON                         (abs)        000FD5
_T0CONbits                     (abs)        000FD5
_TMR0H                         (abs)        000FD7
_TMR0L                         (abs)        000FD6
_TRISB                         (abs)        000F93
_TRISC                         (abs)        000F94
_TRISD                         (abs)        000F95
_Window                        text5        000C92
_WriteTimer0                   text14       000E8E
__CFG_BOREN$SBORDIS            (abs)        000000
__CFG_BORV$3                   (abs)        000000
__CFG_CCP2MX$PORTC             (abs)        000000
__CFG_CP0$OFF                  (abs)        000000
__CFG_CP1$OFF                  (abs)        000000
__CFG_CP2$OFF                  (abs)        000000
__CFG_CP3$OFF                  (abs)        000000
__CFG_CPB$OFF                  (abs)        000000
__CFG_CPD$OFF                  (abs)        000000
__CFG_EBTR0$OFF                (abs)        000000
__CFG_EBTR1$OFF                (abs)        000000
__CFG_EBTR2$OFF                (abs)        000000
__CFG_EBTR3$OFF                (abs)        000000
__CFG_EBTRB$OFF                (abs)        000000
__CFG_FCMEN$OFF                (abs)        000000
__CFG_IESO$OFF                 (abs)        000000
__CFG_LPT1OSC$OFF              (abs)        000000
__CFG_LVP$OFF                  (abs)        000000
__CFG_MCLRE$ON                 (abs)        000000
__CFG_OSC$HS                   (abs)        000000
__CFG_PBADEN$OFF               (abs)        000000
__CFG_PWRT$OFF                 (abs)        000000
__CFG_STVREN$ON                (abs)        000000
__CFG_WDT$OFF                  (abs)        000000
__CFG_WDTPS$32768              (abs)        000000
__CFG_WRT0$OFF                 (abs)        000000
__CFG_WRT1$OFF                 (abs)        000000
__CFG_WRT2$OFF                 (abs)        000000
__CFG_WRT3$OFF                 (abs)        000000
__CFG_WRTB$OFF                 (abs)        000000
__CFG_WRTC$OFF                 (abs)        000000
__CFG_WRTD$OFF                 (abs)        000000
__CFG_XINST$OFF                (abs)        000000
__HRAM                         (abs)        000000
__Habs1                        abs1         000000
__Hbank0                       bank0        000000
__Hbank1                       bank1        000000
__Hbank2                       bank2        000000
__Hbank3                       bank3        000000
__Hbank4                       bank4        000000
__Hbank5                       bank5        000000
__Hbigbss                      bigbss       000000
__Hbigdata                     bigdata      000000
__Hbigram                      bigram       000000
__Hbss                         bss          000000
__HbssCOMRAM                   bssCOMRAM    000000
__Hcinit                       cinit        000000
__Hclrtext                     clrtext      000000
__Hcomram                      comram       000000
__Hconfig                      config       30000E
__Hconst                       const        000000
__HcstackCOMRAM                cstackCOMRAM 000000
__Hdata                        data         000000
__HdataCOMRAM                  dataCOMRAM   000000
__Heeprom_data                 eeprom_data  000000
__Hend_init                    end_init     00001A
__Hfarbss                      farbss       000000
__Hfardata                     fardata      000000
__Hibigdata                    ibigdata     000000
__Hidata                       idata        000000
__HidataCOMRAM                 idataCOMRAM  000000
__Hidloc                       idloc        200008
__Hifardata                    ifardata     000000
__Hinit                        init         000016
__Hintcode                     intcode      000016
__Hintcode_body                intcode_body 000000
__Hintcodelo                   intcodelo    000016
__Hintentry                    intentry     000000
__Hintret                      intret       000000
__Hintsave_regs                intsave_regs 000000
__Hirdata                      irdata       000000
__Hmediumconst                 mediumconst  000000
__HnvFARRAM                    nvFARRAM     000000
__Hnvbit                       nvbit        000000
__Hnvrram                      nvrram       000000
__Hparam                       rparam       000000
__Hpowerup                     powerup      000016
__Hram                         ram          000000
__Hramtop                      ramtop       000600
__Hrbit                        rbit         000000
__Hrbss                        rbss         000000
__Hrdata                       rdata        000000
__Hreset_vec                   reset_vec    000004
__Hrparam                      rparam       000000
__Hsfr                         sfr          000000
__Hsmallconst                  smallconst   0006BC
__Hspace_0                     (abs)        30000E
__Hspace_1                     (abs)        000036
__Hspace_2                     (abs)        000000
__Hstack                       stack        000000
__Hstruct                      struct       000000
__Htemp                        temp         000036
__Htext                        text         000000
__Htext0                       text0        000000
__Htext1                       text1        000000
__Htext10                      text10       000000
__Htext11                      text11       000000
__Htext12                      text12       000000
__Htext13                      text13       000000
__Htext14                      text14       000000
__Htext15                      text15       000000
__Htext17                      text17       000000
__Htext18                      text18       000000
__Htext2                       text2        000000
__Htext3                       text3        000000
__Htext4                       text4        000000
__Htext5                       text5        000000
__Htext6                       text6        000000
__Htext7                       text7        000000
__Htext8                       text8        000000
__Htext9                       text9        000000
__LRAM                         (abs)        000001
__Labs1                        abs1         000000
__Lbank0                       bank0        000000
__Lbank1                       bank1        000000
__Lbank2                       bank2        000000
__Lbank3                       bank3        000000
__Lbank4                       bank4        000000
__Lbank5                       bank5        000000
__Lbigbss                      bigbss       000000
__Lbigdata                     bigdata      000000
__Lbigram                      bigram       000000
__Lbss                         bss          000000
__LbssCOMRAM                   bssCOMRAM    000000
__Lcinit                       cinit        000000
__Lclrtext                     clrtext      000000
__Lcomram                      comram       000000
__Lconfig                      config       300000
__Lconst                       const        000000
__LcstackCOMRAM                cstackCOMRAM 000000
__Ldata                        data         000000
__LdataCOMRAM                  dataCOMRAM   000000
__Leeprom_data                 eeprom_data  000000
__Lend_init                    end_init     000016
__Lfarbss                      farbss       000000
__Lfardata                     fardata      000000
__Libigdata                    ibigdata     000000
__Lidata                       idata        000000
__LidataCOMRAM                 idataCOMRAM  000000
__Lidloc                       idloc        200000
__Lifardata                    ifardata     000000
__Linit                        init         000016
__Lintcode                     intcode      000008
__Lintcode_body                intcode_body 000000
__Lintcodelo                   intcodelo    000016
__Lintentry                    intentry     000000
__Lintret                      intret       000000
__Lintsave_regs                intsave_regs 000000
__Lirdata                      irdata       000000
__Lmediumconst                 mediumconst  000000
__LnvFARRAM                    nvFARRAM     000000
__Lnvbit                       nvbit        000000
__Lnvrram                      nvrram       000000
__Lparam                       rparam       000000
__Lpowerup                     powerup      000016
__Lram                         ram          000000
__Lramtop                      ramtop       000600
__Lrbit                        rbit         000000
__Lrbss                        rbss         000000
__Lrdata                       rdata        000000
__Lreset_vec                   reset_vec    000000
__Lrparam                      rparam       000000
__Lsfr                         sfr          000000
__Lsmallconst                  smallconst   000600
__Lspace_0                     (abs)        000000
__Lspace_1                     (abs)        000000
__Lspace_2                     (abs)        000000
__Lstack                       stack        000000
__Lstruct                      struct       000000
__Ltemp                        temp         000035
__Ltext                        text         000000
__Ltext0                       text0        000000
__Ltext1                       text1        000000
__Ltext10                      text10       000000
__Ltext11                      text11       000000
__Ltext12                      text12       000000
__Ltext13                      text13       000000
__Ltext14                      text14       000000
__Ltext15                      text15       000000
__Ltext17                      text17       000000
__Ltext18                      text18       000000
__Ltext2                       text2        000000
__Ltext3                       text3        000000
__Ltext4                       text4        000000
__Ltext5                       text5        000000
__Ltext6                       text6        000000
__Ltext7                       text7        000000
__Ltext8                       text8        000000
__Ltext9                       text9        000000
__S0                           (abs)        30000E
__S1                           (abs)        000036
__S2                           (abs)        000000
___awdiv                       text4        000B20
___awdiv@counter               cstackCOMRAM 000018
___awdiv@dividend              cstackCOMRAM 000014
___awdiv@divisor               cstackCOMRAM 000016
___awdiv@quotient              cstackCOMRAM 00001A
___awdiv@sign                  cstackCOMRAM 000019
___awmod                       text3        000C22
___awmod@counter               cstackCOMRAM 000018
___awmod@dividend              cstackCOMRAM 000014
___awmod@divisor               cstackCOMRAM 000016
___awmod@sign                  cstackCOMRAM 000019
___inthi_sp                    stack        000000
___intlo_sp                    stack        000000
___param_bank                  (abs)        000010
___rparam_used                 (abs)        000001
___sp                          stack        000000
__accesstop                    (abs)        000080
__activetblptr                 (abs)        000002
__end_of_Find_Button_Press     text18       000C22
__end_of_Initial               text12       000E54
__end_of_OpenTimer0            text15       000E74
__end_of_Window                text5        000CF8
__end_of_WriteTimer0           text14       000EA0
__end_of___awdiv               text4        000BA4
__end_of___awmod               text3        000C92
__end_of__initialization       cinit        000DB8
__end_of_delay_s               text13       000DFA
__end_of_lcd_clear             text9        000E28
__end_of_lcd_command           text10       000ECE
__end_of_lcd_cursor            text8        000E8E
__end_of_lcd_display_value     text2        000B20
__end_of_lcd_init              smallconst   000606
__end_of_lcd_print             text6        000D4C
__end_of_lcd_print_ch          text7        000EC0
__end_of_lcd_raw_send          text11       0009E6
__end_of_lcd_start             text1        000D8E
__end_of_main                  text0        0008EA
__end_of_msg_ary               smallconst   0006A6
__end_of_myIsr                 intcode_body 000A96
__end_ofi2_WriteTimer0         text17       000EB2
__initialization               cinit        000D8E
__mediumconst                  mediumconst  000000
__pbssCOMRAM                   bssCOMRAM    00002C
__pcinit                       cinit        000D8E
__pcstackCOMRAM                cstackCOMRAM 000001
__pdataCOMRAM                  dataCOMRAM   000031
__pidataCOMRAM                 idataCOMRAM  000ECE
__pintcode                     intcode      000008
__pintcode_body                intcode_body 0009E6
__psmallconst                  smallconst   000600
__ptext0                       text0        0006BC
__ptext1                       text1        000D4C
__ptext10                      text10       000EC0
__ptext11                      text11       0008EA
__ptext12                      text12       000E28
__ptext13                      text13       000DC6
__ptext14                      text14       000E8E
__ptext15                      text15       000E54
__ptext17                      text17       000EA0
__ptext18                      text18       000BA4
__ptext2                       text2        000A96
__ptext3                       text3        000C22
__ptext4                       text4        000B20
__ptext5                       text5        000C92
__ptext6                       text6        000CF8
__ptext7                       text7        000EB2
__ptext8                       text8        000E74
__ptext9                       text9        000DFA
__ramtop                       ramtop       000600
__size_of_Find_Button_Press    (abs)        000000
__size_of_Initial              (abs)        000000
__size_of_OpenTimer0           (abs)        000000
__size_of_Window               (abs)        000000
__size_of_WriteTimer0          (abs)        000000
__size_of___awdiv              (abs)        000000
__size_of___awmod              (abs)        000000
__size_of_delay_s              (abs)        000000
__size_of_lcd_clear            (abs)        000000
__size_of_lcd_command          (abs)        000000
__size_of_lcd_cursor           (abs)        000000
__size_of_lcd_display_value    (abs)        000000
__size_of_lcd_print            (abs)        000000
__size_of_lcd_print_ch         (abs)        000000
__size_of_lcd_raw_send         (abs)        000000
__size_of_lcd_start            (abs)        000000
__size_of_main                 (abs)        000000
__size_of_myIsr                (abs)        000000
__size_ofi2_WriteTimer0        (abs)        000000
__smallconst                   smallconst   000600
_count_test                    bssCOMRAM    000030
_delay_s                       text13       000DC6
_lcd_clear                     text9        000DFA
_lcd_command                   text10       000EC0
_lcd_cursor                    text8        000E74
_lcd_display_value             text2        000A96
_lcd_init                      smallconst   000601
_lcd_print                     text6        000CF8
_lcd_print_ch                  text7        000EB2
_lcd_raw_send                  text11       0008EA
_lcd_start                     text1        000D4C
_main                          text0        0006BC
_main$461                      cstackCOMRAM 000021
_main$462                      cstackCOMRAM 000023
_main$463                      cstackCOMRAM 000025
_msg_ary                       smallconst   000606
_myIsr                         intcode      000008
_problem                       dataCOMRAM   000031
_startup                       dataCOMRAM   000033
btemp                          temp         000035
delay_s@i                      cstackCOMRAM 000017
delay_s@j                      cstackCOMRAM 000016
delay_s@secs                   cstackCOMRAM 000015
end_of_initialization          cinit        000DB8
i2WriteTimer0@timer            cstackCOMRAM 000003
i2WriteTimer0@timer0           cstackCOMRAM 000001
i2_WriteTimer0                 text17       000EA0
int$flags                      temp         000035
int_func                       intcode_body 0009E6
intlevel0                      text         000000
intlevel1                      text         000000
intlevel2                      text         000000
intlevel3                      text         000000
lcd_command@in                 cstackCOMRAM 000018
lcd_cursor@x                   cstackCOMRAM 00001A
lcd_cursor@y                   cstackCOMRAM 000019
lcd_display_value@hunds        cstackCOMRAM 00001C
lcd_display_value@tens         cstackCOMRAM 00001D
lcd_display_value@units        cstackCOMRAM 00001E
lcd_display_value@value        cstackCOMRAM 00001F
lcd_print@i                    cstackCOMRAM 00001D
lcd_print@mess                 cstackCOMRAM 000019
lcd_print_ch@in                cstackCOMRAM 000018
lcd_raw_send@RS                cstackCOMRAM 000014
lcd_raw_send@in                cstackCOMRAM 000017
lcd_start@i                    cstackCOMRAM 00001B
main@A                         cstackCOMRAM 000028
main@B                         cstackCOMRAM 000029
main@C                         cstackCOMRAM 000027
main@Temp_Value                cstackCOMRAM 00002B
main@my_mch_state              cstackCOMRAM 00002A
stackhi                        (abs)        0005FF
stacklo                        (abs)        000080
start                          init         000016
start_initialization           cinit        000D8E


FUNCTION INFORMATION:

 *************** function _main *****************
 Defined at:
		line 102 in file "st_mch3_update_values_with_debounce_lib.c"
 Parameters:    Size  Location     Type
		None
 Auto vars:     Size  Location     Type
  Temp_Value      1   42[COMRAM] unsigned char 
  my_mch_state    1   41[COMRAM] enum E4342
  B               1   40[COMRAM] unsigned char 
  A               1   39[COMRAM] unsigned char 
  C               1   38[COMRAM] unsigned char 
 Return value:  Size  Location     Type
		None               void
 Registers used:
		wreg, status,2, status,0, tblptrl, tblptrh, tblptru, prodl, prodh, cstack
 Tracked objects:
		On entry : 
		On exit  : 
		Unchanged: 
 Data sizes:     COMRAM   BANK0   BANK1   BANK2   BANK3   BANK4   BANK5
      Params:         0       0       0       0       0       0       0
      Locals:        11       0       0       0       0       0       0
      Temps:          0       0       0       0       0       0       0
      Totals:        11       0       0       0       0       0       0
Total ram usage:       11 bytes
 Hardware stack levels required when called:    6
 This function calls:
		_Initial
		_Window
		_delay_s
		_lcd_clear
		_lcd_cursor
		_lcd_display_value
		_lcd_print
		_lcd_start
 This function is called by:
		Startup code after reset
 This function uses a non-reentrant model


 *************** function _lcd_start *****************
 Defined at:
		line 189 in file "../../LCD_library/lcdlib_2016.c"
 Parameters:    Size  Location     Type
		None
 Auto vars:     Size  Location     Type
  i               1   26[COMRAM] unsigned char 
  t               1    0        unsigned char 
 Return value:  Size  Location     Type
                  1    wreg      unsigned char 
 Registers used:
		wreg, status,2, status,0, tblptrl, tblptrh, tblptru, prodl, prodh, cstack
 Tracked objects:
		On entry : 
		On exit  : 
		Unchanged: 
 Data sizes:     COMRAM   BANK0   BANK1   BANK2   BANK3   BANK4   BANK5
      Params:         0       0       0       0       0       0       0
      Locals:         1       0       0       0       0       0       0
      Temps:          1       0       0       0       0       0       0
      Totals:         2       0       0       0       0       0       0
Total ram usage:        2 bytes
 Hardware stack levels used:    1
 Hardware stack levels required when called:    5
 This function calls:
		_lcd_clear
		_lcd_command
 This function is called by:
		_main
 This function uses a non-reentrant model


 *************** function _lcd_display_value *****************
 Defined at:
		line 244 in file "../../LCD_library/lcdlib_2016.c"
 Parameters:    Size  Location     Type
  value           1    wreg     unsigned char 
 Auto vars:     Size  Location     Type
  value           1   30[COMRAM] unsigned char 
  units           1   29[COMRAM] unsigned char 
  tens            1   28[COMRAM] unsigned char 
  hunds           1   27[COMRAM] unsigned char 
 Return value:  Size  Location     Type
		None               void
 Registers used:
		wreg, status,2, status,0, cstack
 Tracked objects:
		On entry : 
		On exit  : 
		Unchanged: 
 Data sizes:     COMRAM   BANK0   BANK1   BANK2   BANK3   BANK4   BANK5
      Params:         0       0       0       0       0       0       0
      Locals:         4       0       0       0       0       0       0
      Temps:          0       0       0       0       0       0       0
      Totals:         4       0       0       0       0       0       0
Total ram usage:        4 bytes
 Hardware stack levels used:    1
 Hardware stack levels required when called:    4
 This function calls:
		___awdiv
		___awmod
		_lcd_print_ch
 This function is called by:
		_main
 This function uses a non-reentrant model


 *************** function ___awmod *****************
 Defined at:
		line 8 in file "C:\Program Files (x86)\Microchip\xc8\v1.35\sources\common\awmod.c"
 Parameters:    Size  Location     Type
  dividend        2   19[COMRAM] int 
  divisor         2   21[COMRAM] int 
 Auto vars:     Size  Location     Type
  sign            1   24[COMRAM] unsigned char 
  counter         1   23[COMRAM] unsigned char 
 Return value:  Size  Location     Type
                  2   19[COMRAM] int 
 Registers used:
		wreg, status,2, status,0
 Tracked objects:
		On entry : 
		On exit  : 
		Unchanged: 
 Data sizes:     COMRAM   BANK0   BANK1   BANK2   BANK3   BANK4   BANK5
      Params:         4       0       0       0       0       0       0
      Locals:         2       0       0       0       0       0       0
      Temps:          0       0       0       0       0       0       0
      Totals:         6       0       0       0       0       0       0
Total ram usage:        6 bytes
 Hardware stack levels used:    1
 Hardware stack levels required when called:    2
 This function calls:
		Nothing
 This function is called by:
		_lcd_display_value
 This function uses a non-reentrant model


 *************** function ___awdiv *****************
 Defined at:
		line 8 in file "C:\Program Files (x86)\Microchip\xc8\v1.35\sources\common\awdiv.c"
 Parameters:    Size  Location     Type
  dividend        2   19[COMRAM] int 
  divisor         2   21[COMRAM] int 
 Auto vars:     Size  Location     Type
  quotient        2   25[COMRAM] int 
  sign            1   24[COMRAM] unsigned char 
  counter         1   23[COMRAM] unsigned char 
 Return value:  Size  Location     Type
                  2   19[COMRAM] int 
 Registers used:
		wreg, status,2, status,0
 Tracked objects:
		On entry : 
		On exit  : 
		Unchanged: 
 Data sizes:     COMRAM   BANK0   BANK1   BANK2   BANK3   BANK4   BANK5
      Params:         4       0       0       0       0       0       0
      Locals:         4       0       0       0       0       0       0
      Temps:          0       0       0       0       0       0       0
      Totals:         8       0       0       0       0       0       0
Total ram usage:        8 bytes
 Hardware stack levels used:    1
 Hardware stack levels required when called:    2
 This function calls:
		Nothing
 This function is called by:
		_lcd_display_value
 This function uses a non-reentrant model


 *************** function _Window *****************
 Defined at:
		line 252 in file "st_mch3_update_values_with_debounce_lib.c"
 Parameters:    Size  Location     Type
  num             1    wreg     unsigned char 
 Auto vars:     Size  Location     Type
  num             1   31[COMRAM] unsigned char 
 Return value:  Size  Location     Type
		None               void
 Registers used:
		wreg, status,2, status,0, tblptrl, tblptrh, tblptru, prodl, prodh, cstack
 Tracked objects:
		On entry : 
		On exit  : 
		Unchanged: 
 Data sizes:     COMRAM   BANK0   BANK1   BANK2   BANK3   BANK4   BANK5
      Params:         0       0       0       0       0       0       0
      Locals:         1       0       0       0       0       0       0
      Temps:          2       0       0       0       0       0       0
      Totals:         3       0       0       0       0       0       0
Total ram usage:        3 bytes
 Hardware stack levels used:    1
 Hardware stack levels required when called:    5
 This function calls:
		_lcd_clear
		_lcd_cursor
		_lcd_print
 This function is called by:
		_main
 This function uses a non-reentrant model


 *************** function _lcd_print *****************
 Defined at:
		line 215 in file "../../LCD_library/lcdlib_2016.c"
 Parameters:    Size  Location     Type
  mess            2   24[COMRAM] PTR const unsigned char 
		 -> msg_ary(160), STR_2(12), STR_1(8), 
 Auto vars:     Size  Location     Type
  i               1   28[COMRAM] unsigned char 
 Return value:  Size  Location     Type
                  1    wreg      unsigned char 
 Registers used:
		wreg, status,2, status,0, tblptrl, tblptrh, tblptru, prodl, prodh, cstack
 Tracked objects:
		On entry : 
		On exit  : 
		Unchanged: 
 Data sizes:     COMRAM   BANK0   BANK1   BANK2   BANK3   BANK4   BANK5
      Params:         2       0       0       0       0       0       0
      Locals:         1       0       0       0       0       0       0
      Temps:          2       0       0       0       0       0       0
      Totals:         5       0       0       0       0       0       0
Total ram usage:        5 bytes
 Hardware stack levels used:    1
 Hardware stack levels required when called:    4
 This function calls:
		_lcd_print_ch
 This function is called by:
		_main
		_Window
 This function uses a non-reentrant model


 *************** function _lcd_print_ch *****************
 Defined at:
		line 115 in file "../../LCD_library/lcdlib_2016.c"
 Parameters:    Size  Location     Type
  in              1    wreg     unsigned char 
 Auto vars:     Size  Location     Type
  in              1   23[COMRAM] unsigned char 
 Return value:  Size  Location     Type
                  1    wreg      unsigned char 
 Registers used:
		wreg, status,2, status,0, cstack
 Tracked objects:
		On entry : 
		On exit  : 
		Unchanged: 
 Data sizes:     COMRAM   BANK0   BANK1   BANK2   BANK3   BANK4   BANK5
      Params:         0       0       0       0       0       0       0
      Locals:         1       0       0       0       0       0       0
      Temps:          0       0       0       0       0       0       0
      Totals:         1       0       0       0       0       0       0
Total ram usage:        1 bytes
 Hardware stack levels used:    1
 Hardware stack levels required when called:    3
 This function calls:
		_lcd_raw_send
 This function is called by:
		_lcd_print
		_lcd_display_value
		_lcd_display_int_value
 This function uses a non-reentrant model


 *************** function _lcd_cursor *****************
 Defined at:
		line 144 in file "../../LCD_library/lcdlib_2016.c"
 Parameters:    Size  Location     Type
  x               1    wreg     unsigned char 
  y               1   24[COMRAM] unsigned char 
 Auto vars:     Size  Location     Type
  x               1   25[COMRAM] unsigned char 
 Return value:  Size  Location     Type
                  1    wreg      unsigned char 
 Registers used:
		wreg, status,2, status,0, cstack
 Tracked objects:
		On entry : 
		On exit  : 
		Unchanged: 
 Data sizes:     COMRAM   BANK0   BANK1   BANK2   BANK3   BANK4   BANK5
      Params:         1       0       0       0       0       0       0
      Locals:         1       0       0       0       0       0       0
      Temps:          0       0       0       0       0       0       0
      Totals:         2       0       0       0       0       0       0
Total ram usage:        2 bytes
 Hardware stack levels used:    1
 Hardware stack levels required when called:    4
 This function calls:
		_lcd_command
 This function is called by:
		_main
		_Window
 This function uses a non-reentrant model


 *************** function _lcd_clear *****************
 Defined at:
		line 131 in file "../../LCD_library/lcdlib_2016.c"
 Parameters:    Size  Location     Type
		None
 Auto vars:     Size  Location     Type
		None
 Return value:  Size  Location     Type
                  1    wreg      unsigned char 
 Registers used:
		wreg, status,2, status,0, cstack
 Tracked objects:
		On entry : 
		On exit  : 
		Unchanged: 
 Data sizes:     COMRAM   BANK0   BANK1   BANK2   BANK3   BANK4   BANK5
      Params:         0       0       0       0       0       0       0
      Locals:         0       0       0       0       0       0       0
      Temps:          1       0       0       0       0       0       0
      Totals:         1       0       0       0       0       0       0
Total ram usage:        1 bytes
 Hardware stack levels used:    1
 Hardware stack levels required when called:    4
 This function calls:
		_lcd_command
 This function is called by:
		_lcd_start
		_main
		_Window
 This function uses a non-reentrant model


 *************** function _lcd_command *****************
 Defined at:
		line 123 in file "../../LCD_library/lcdlib_2016.c"
 Parameters:    Size  Location     Type
  in              1    wreg     unsigned char 
 Auto vars:     Size  Location     Type
  in              1   23[COMRAM] unsigned char 
 Return value:  Size  Location     Type
		None               void
 Registers used:
		wreg, status,2, status,0, cstack
 Tracked objects:
		On entry : 
		On exit  : 
		Unchanged: 
 Data sizes:     COMRAM   BANK0   BANK1   BANK2   BANK3   BANK4   BANK5
      Params:         0       0       0       0       0       0       0
      Locals:         1       0       0       0       0       0       0
      Temps:          0       0       0       0       0       0       0
      Totals:         1       0       0       0       0       0       0
Total ram usage:        1 bytes
 Hardware stack levels used:    1
 Hardware stack levels required when called:    3
 This function calls:
		_lcd_raw_send
 This function is called by:
		_lcd_clear
		_lcd_cursor
		_lcd_start
		_lcd_cursor_on
		_lcd_cursor_off
 This function uses a non-reentrant model


 *************** function _lcd_raw_send *****************
 Defined at:
		line 74 in file "../../LCD_library/lcdlib_2016.c"
 Parameters:    Size  Location     Type
  in              1    wreg     unsigned char 
  RS              1   19[COMRAM] unsigned char 
 Auto vars:     Size  Location     Type
  in              1   22[COMRAM] unsigned char 
 Return value:  Size  Location     Type
		None               void
 Registers used:
		wreg, status,2, status,0
 Tracked objects:
		On entry : 
		On exit  : 
		Unchanged: 
 Data sizes:     COMRAM   BANK0   BANK1   BANK2   BANK3   BANK4   BANK5
      Params:         1       0       0       0       0       0       0
      Locals:         1       0       0       0       0       0       0
      Temps:          2       0       0       0       0       0       0
      Totals:         4       0       0       0       0       0       0
Total ram usage:        4 bytes
 Hardware stack levels used:    1
 Hardware stack levels required when called:    2
 This function calls:
		Nothing
 This function is called by:
		_lcd_print_ch
		_lcd_command
 This function uses a non-reentrant model


 *************** function _Initial *****************
 Defined at:
		line 235 in file "st_mch3_update_values_with_debounce_lib.c"
 Parameters:    Size  Location     Type
		None
 Auto vars:     Size  Location     Type
		None
 Return value:  Size  Location     Type
		None               void
 Registers used:
		wreg, status,2, status,0, cstack
 Tracked objects:
		On entry : 
		On exit  : 
		Unchanged: 
 Data sizes:     COMRAM   BANK0   BANK1   BANK2   BANK3   BANK4   BANK5
      Params:         0       0       0       0       0       0       0
      Locals:         0       0       0       0       0       0       0
      Temps:          0       0       0       0       0       0       0
      Totals:         0       0       0       0       0       0       0
Total ram usage:        0 bytes
 Hardware stack levels used:    1
 Hardware stack levels required when called:    3
 This function calls:
		_OpenTimer0
		_WriteTimer0
		_delay_s
 This function is called by:
		_main
 This function uses a non-reentrant model


 *************** function _delay_s *****************
 Defined at:
		line 262 in file "st_mch3_update_values_with_debounce_lib.c"
 Parameters:    Size  Location     Type
  secs            1    wreg     unsigned char 
 Auto vars:     Size  Location     Type
  secs            1   20[COMRAM] unsigned char 
  i               1   22[COMRAM] unsigned char 
  j               1   21[COMRAM] unsigned char 
 Return value:  Size  Location     Type
		None               void
 Registers used:
		wreg, status,2, status,0
 Tracked objects:
		On entry : 
		On exit  : 
		Unchanged: 
 Data sizes:     COMRAM   BANK0   BANK1   BANK2   BANK3   BANK4   BANK5
      Params:         0       0       0       0       0       0       0
      Locals:         3       0       0       0       0       0       0
      Temps:          1       0       0       0       0       0       0
      Totals:         4       0       0       0       0       0       0
Total ram usage:        4 bytes
 Hardware stack levels used:    1
 Hardware stack levels required when called:    2
 This function calls:
		Nothing
 This function is called by:
		_main
		_Initial
 This function uses a non-reentrant model


 *************** function _WriteTimer0 *****************
 Defined at:
		line 16 in file "C:\Program Files (x86)\Microchip\xc8\v1.35\sources\pic18\plib\Timers\t0write.c"
 Parameters:    Size  Location     Type
  timer0          2   19[COMRAM] unsigned int 
 Auto vars:     Size  Location     Type
  timer           2   21[COMRAM] struct Timers
 Return value:  Size  Location     Type
		None               void
 Registers used:
		None
 Tracked objects:
		On entry : 
		On exit  : 
		Unchanged: 
 Data sizes:     COMRAM   BANK0   BANK1   BANK2   BANK3   BANK4   BANK5
      Params:         2       0       0       0       0       0       0
      Locals:         2       0       0       0       0       0       0
      Temps:          0       0       0       0       0       0       0
      Totals:         4       0       0       0       0       0       0
Total ram usage:        4 bytes
 Hardware stack levels used:    1
 Hardware stack levels required when called:    2
 This function calls:
		Nothing
 This function is called by:
		_Initial
 This function uses a non-reentrant model


 *************** function _OpenTimer0 *****************
 Defined at:
		line 18 in file "C:\Program Files (x86)\Microchip\xc8\v1.35\sources\pic18\plib\Timers\t0open.c"
 Parameters:    Size  Location     Type
  config          1    wreg     unsigned char 
 Auto vars:     Size  Location     Type
  config          1   19[COMRAM] unsigned char 
 Return value:  Size  Location     Type
		None               void
 Registers used:
		wreg, status,2, status,0
 Tracked objects:
		On entry : 
		On exit  : 
		Unchanged: 
 Data sizes:     COMRAM   BANK0   BANK1   BANK2   BANK3   BANK4   BANK5
      Params:         0       0       0       0       0       0       0
      Locals:         1       0       0       0       0       0       0
      Temps:          0       0       0       0       0       0       0
      Totals:         1       0       0       0       0       0       0
Total ram usage:        1 bytes
 Hardware stack levels used:    1
 Hardware stack levels required when called:    2
 This function calls:
		Nothing
 This function is called by:
		_Initial
 This function uses a non-reentrant model


 *************** function _myIsr *****************
 Defined at:
		line 67 in file "st_mch3_update_values_with_debounce_lib.c"
 Parameters:    Size  Location     Type
		None
 Auto vars:     Size  Location     Type
		None
 Return value:  Size  Location     Type
		None               void
 Registers used:
		wreg, status,2, status,0, cstack
 Tracked objects:
		On entry : 
		On exit  : 
		Unchanged: 
 Data sizes:     COMRAM   BANK0   BANK1   BANK2   BANK3   BANK4   BANK5
      Params:         0       0       0       0       0       0       0
      Locals:         0       0       0       0       0       0       0
      Temps:         15       0       0       0       0       0       0
      Totals:        15       0       0       0       0       0       0
Total ram usage:       15 bytes
 Hardware stack levels used:    1
 Hardware stack levels required when called:    1
 This function calls:
		_Find_Button_Press
		i2_WriteTimer0
 This function is called by:
		Interrupt level 2
 This function uses a non-reentrant model


 *************** function i2_WriteTimer0 *****************
 Defined at:
		line 16 in file "C:\Program Files (x86)\Microchip\xc8\v1.35\sources\pic18\plib\Timers\t0write.c"
 Parameters:    Size  Location     Type
  timer0          2    0[COMRAM] unsigned int 
 Auto vars:     Size  Location     Type
  WriteTimer0     2    2[COMRAM] struct Timers
 Return value:  Size  Location     Type
		None               void
 Registers used:
		None
 Tracked objects:
		On entry : 
		On exit  : 
		Unchanged: 
 Data sizes:     COMRAM   BANK0   BANK1   BANK2   BANK3   BANK4   BANK5
      Params:         2       0       0       0       0       0       0
      Locals:         2       0       0       0       0       0       0
      Temps:          0       0       0       0       0       0       0
      Totals:         4       0       0       0       0       0       0
Total ram usage:        4 bytes
 Hardware stack levels used:    1
 This function calls:
		Nothing
 This function is called by:
		_myIsr
 This function uses a non-reentrant model


 *************** function _Find_Button_Press *****************
 Defined at:
		line 36 in file "../../Buttons_Debounce_State_Mch/Buttons_Debounce.X/Buttons_Debounce.c"
 Parameters:    Size  Location     Type
		None
 Auto vars:     Size  Location     Type
		None
 Return value:  Size  Location     Type
		None               void
 Registers used:
		wreg, status,2, status,0
 Tracked objects:
		On entry : 
		On exit  : 
		Unchanged: 
 Data sizes:     COMRAM   BANK0   BANK1   BANK2   BANK3   BANK4   BANK5
      Params:         0       0       0       0       0       0       0
      Locals:         0       0       0       0       0       0       0
      Temps:          0       0       0       0       0       0       0
      Totals:         0       0       0       0       0       0       0
Total ram usage:        0 bytes
 Hardware stack levels used:    1
 This function calls:
		Nothing
 This function is called by:
		_myIsr
 This function uses a non-reentrant model



MODULE INFORMATION

Module		Function		Class		Link	Load	Size
C:\Program Files (x86)\Microchip\xc8\v1.35\sources\common\awdiv.c
		___awdiv       		CODE           	0B20	0000	133

C:\Program Files (x86)\Microchip\xc8\v1.35\sources\common\awdiv.c estimated size: 133

../../Buttons_Debounce_State_Mch/Buttons_Debounce.X/Buttons_Debounce.c
		_Find_Button_Press		CODE           	0BA4	0000	127

../../Buttons_Debounce_State_Mch/Buttons_Debounce.X/Buttons_Debounce.c estimated size: 127

st_mch3_update_values_with_debounce_lib.c
		_main          		CODE           	06BC	0000	559
		_Initial       		CODE           	0E28	0000	45
		_myIsr         		CODE           	0008	0000	191
		_Window        		CODE           	0C92	0000	103
		_delay_s       		CODE           	0DC6	0000	53

st_mch3_update_values_with_debounce_lib.c estimated size: 951

shared
		_msg_ary       		SMALLCONST     	0606	0000	161
		__initialization		CODE           	0D8E	0000	43
		i2_WriteTimer0 		CODE           	0EA0	0000	19
		_lcd_init      		SMALLCONST     	0601	0000	6

shared estimated size: 229

C:\Program Files (x86)\Microchip\xc8\v1.35\sources\pic18\plib\Timers\t0write.c
		_WriteTimer0   		CODE           	0E8E	0000	19

C:\Program Files (x86)\Microchip\xc8\v1.35\sources\pic18\plib\Timers\t0write.c estimated size: 19

C:\Program Files (x86)\Microchip\xc8\v1.35\sources\common\awmod.c
		___awmod       		CODE           	0C22	0000	113

C:\Program Files (x86)\Microchip\xc8\v1.35\sources\common\awmod.c estimated size: 113

../../LCD_library/lcdlib_2016.c
		_lcd_command   		CODE           	0EC0	0000	15
		_lcd_start     		CODE           	0D4C	0000	67
		_lcd_clear     		CODE           	0DFA	0000	47
		_lcd_display_value		CODE           	0A96	0000	139
		_lcd_cursor    		CODE           	0E74	0000	27
		_lcd_print     		CODE           	0CF8	0000	85
		_lcd_print_ch  		CODE           	0EB2	0000	15
		_lcd_raw_send  		CODE           	08EA	0000	253

../../LCD_library/lcdlib_2016.c estimated size: 648

C:\Program Files (x86)\Microchip\xc8\v1.35\sources\pic18\plib\Timers\t0open.c
		_OpenTimer0    		CODE           	0E54	0000	33

C:\Program Files (x86)\Microchip\xc8\v1.35\sources\pic18\plib\Timers\t0open.c estimated size: 33

